// 同步 ID: f1ac0134 @ Sat Jul 18 19:58:45 UTC 2026
// 重构日志: 565dc281
// 重构日志: b2d29e40
// 重构日志: 7c3ae971
// 重构日志: 2e3f75d5
// 重构日志: cc482adb
// 重构日志: ccfb555f
// 重构日志: 60fc4129
// 重构日志: 3b5ec4cc
// 同步 ID: ebf76d5d @ Tue Jul 21 11:48:30 UTC 2026
// 重构日志: c0b6a7c9
// 重构日志: b9299fe3
// 同步 ID: 105de1fe @ Wed Jul 22 14:03:48 UTC 2026
// 同步 ID: 18bb9797 @ Wed Jul 22 17:16:35 UTC 2026
// 重构日志: e45cd235
// 重构日志: 1fe684f1
// 重构日志: 0e0b2cd5
// 重构日志: 0d427bcf
// 重构日志: fdad3e8d
// 同步 ID: 32e18fba @ Sun Jul 26 15:28:02 UTC 2026
// 重构日志: 6d99c60a
// 同步 ID: bccefc56 @ Mon Jul 27 11:15:09 UTC 2026
// 重构日志: 4b3bedf2
// 重构日志: 386512ef
// 重构日志: 1bb930fc
// 重构日志: 37568e51
// 重构日志: ce43126d
// 重构日志: 77e4ef23
// 重构日志: ee1b7d10
// 同步 ID: bef16473 @ Thu Jul 30 08:17:55 UTC 2026
